This is an example sentence that contains some "quoted words" --
punctuation that would be displayed as question marks but should not.
